[]
[1,2,3,4,5]
[6.0,7.0,8.0]
[0.0,0.0,0.0,0.0,0.0,0.0,0.0,0.0,0.0,0.0]