[0 -> 1.1, 4 -> 5.3, -3 -> 5.3, 2 -> -1.3]
[0 -> 1.1, 4 -> 5.3, -3 -> 5.3]