ping
  pong
ping
  pong
ping
  pong
ping
ping stopped
pong stopped
