Error: Actor constructed with conflicting parameter types Tester requires () but constructed with (int)
