Error: Duplicate pattern matching in receive in actor Tester
