Error: Function add5 with signature (int, int) => int not found
