Return type mismatch: expected Int_t but returns Double_t