Value initialization type mismatch: x is int but initialized as double