Invalid send operation between message<testNow> to pool<Tester>
