Invalid access types List_t lt, Int_t cannot be accessed by String_t