Invalid send operation between Message_t to Actor_t