Error: Only boolean expressions are allowed for &&
