Error: No matching pattern to receive message testLater in pool of actor type Tester
