Error: Message constructed with conflicting parameter types testNow requires () but constructed with (string, int)
