Variable initialization type mismatch: x is Int_t but initialized as Double_t