Assignment to incompatible type: double cannot be assigned to int