Error: Cannot create a pool with undeclared actor Worker
