Actor Tester attempts to receive an undefined message