Error: Number of actors in a pool must be at least 1
